[2026-09-11 14:11:54.526987] |==============================================================================|
[2026-09-11 14:11:54.527142] |=========                      OpenRAM v1.2.49                       =========|
[2026-09-11 14:11:54.527166] |=========                                                            =========|
[2026-09-11 14:11:54.527178] |=========               VLSI Design and Automation Lab               =========|
[2026-09-11 14:11:54.527191] |=========        Computer Science and Engineering Department         =========|
[2026-09-11 14:11:54.527200] |=========            University of California Santa Cruz             =========|
[2026-09-11 14:11:54.527210] |=========                                                            =========|
[2026-09-11 14:11:54.527218] |=========          Usage help: openram-user-group@ucsc.edu           =========|
[2026-09-11 14:11:54.527228] |=========        Development help: openram-dev-group@ucsc.edu        =========|
[2026-09-11 14:11:54.527237] |=========                See LICENSE for license info                =========|
[2026-09-11 14:11:54.527247] |==============================================================================|
[2026-09-11 14:11:54.527262] ** Start: 09/11/2026 14:11:54
[2026-09-11 14:11:54.527276] Technology: sky130
[2026-09-11 14:11:54.527288] Total size: 1024 bits
[2026-09-11 14:11:54.527301] Word size: 32
Words: 32
Banks: 1
[2026-09-11 14:11:54.527310] Write size: 8
[2026-09-11 14:11:54.527319] RW ports: 1
R-only ports: 0
W-only ports: 0
[2026-09-11 14:11:54.527328] DRC/LVS/PEX is only run on the top-level design to save run-time (inline_lvsdrc=True to do inline checking).
[2026-09-11 14:11:54.527336] DRC/LVS/PEX is disabled (check_lvsdrc=True to enable).
[2026-09-11 14:11:54.527344] Characterization is disabled (using analytical delay models) (analytical_delay=False to simulate).
[2026-09-11 14:11:54.527354] Words per row: 1
[2026-09-11 14:11:54.527372] Output files are: 
[2026-09-11 14:11:54.527430] /home/manyberto/OpenRAM/results/sky130_sram_1rw_32x32_8/sky130_sram_1rw_32x32_8.lvs
[2026-09-11 14:11:54.527468] /home/manyberto/OpenRAM/results/sky130_sram_1rw_32x32_8/sky130_sram_1rw_32x32_8.sp
[2026-09-11 14:11:54.527483] /home/manyberto/OpenRAM/results/sky130_sram_1rw_32x32_8/sky130_sram_1rw_32x32_8.v
[2026-09-11 14:11:54.527494] /home/manyberto/OpenRAM/results/sky130_sram_1rw_32x32_8/sky130_sram_1rw_32x32_8.lib
[2026-09-11 14:11:54.527502] /home/manyberto/OpenRAM/results/sky130_sram_1rw_32x32_8/sky130_sram_1rw_32x32_8.py
[2026-09-11 14:11:54.527509] /home/manyberto/OpenRAM/results/sky130_sram_1rw_32x32_8/sky130_sram_1rw_32x32_8.html
[2026-09-11 14:11:54.527517] /home/manyberto/OpenRAM/results/sky130_sram_1rw_32x32_8/sky130_sram_1rw_32x32_8.log
[2026-09-11 14:11:54.527525] /home/manyberto/OpenRAM/results/sky130_sram_1rw_32x32_8/sky130_sram_1rw_32x32_8.lef
[2026-09-11 14:11:54.527533] /home/manyberto/OpenRAM/results/sky130_sram_1rw_32x32_8/sky130_sram_1rw_32x32_8.gds
[2026-09-11 14:11:58.655181] ** Submodules: 4.1 seconds
[2026-09-11 14:11:58.674191] ** Placement: 0.0 seconds
[2026-09-11 14:13:31.030853] ** Routing: 92.4 seconds
[2026-09-11 14:13:31.049678] ** Verification: 0.0 seconds
[2026-09-11 14:13:31.049785] ** SRAM creation: 96.5 seconds
[2026-09-11 14:13:31.049821] SP: Writing to /home/manyberto/OpenRAM/results/sky130_sram_1rw_32x32_8/sky130_sram_1rw_32x32_8.sp
[2026-09-11 14:13:31.087624] ** Spice writing: 0.0 seconds
[2026-09-11 14:13:31.087719] DELAY: Writing stimulus...
[2026-09-11 14:13:31.202416] ** DELAY: 0.1 seconds
[2026-09-11 14:13:31.219386] GDS: Writing to /home/manyberto/OpenRAM/results/sky130_sram_1rw_32x32_8/sky130_sram_1rw_32x32_8.gds
[2026-09-11 14:13:31.298393] ** GDS: 0.1 seconds
[2026-09-11 14:13:31.298489] LEF: Writing to /home/manyberto/OpenRAM/results/sky130_sram_1rw_32x32_8/sky130_sram_1rw_32x32_8.lef
[2026-09-11 14:13:31.307453] ** LEF: 0.0 seconds
[2026-09-11 14:13:31.307499] LVS: Writing to /home/manyberto/OpenRAM/results/sky130_sram_1rw_32x32_8/sky130_sram_1rw_32x32_8.lvs.sp
[2026-09-11 14:13:31.326844] ** LVS writing: 0.0 seconds
[2026-09-11 14:13:31.326933] LIB: Characterizing... 
[2026-09-11 14:13:31.841910] ** Characterization: 0.5 seconds
[2026-09-11 14:13:31.842099] Config: Writing to /home/manyberto/OpenRAM/results/sky130_sram_1rw_32x32_8/sky130_sram_1rw_32x32_8.py
[2026-09-11 14:13:31.842122] ** Config: 0.0 seconds
[2026-09-11 14:13:31.842608] Datasheet: Writing to /home/manyberto/OpenRAM/results/sky130_sram_1rw_32x32_8/sky130_sram_1rw_32x32_8.html
[2026-09-11 14:13:31.843523] ** Datasheet: 0.0 seconds
[2026-09-11 14:13:31.843550] Verilog: Writing to /home/manyberto/OpenRAM/results/sky130_sram_1rw_32x32_8/sky130_sram_1rw_32x32_8.v
[2026-09-11 14:13:31.843627] ** Verilog: 0.0 seconds
[2026-09-11 14:13:31.844512] ** End: 97.3 seconds
